// Vitest Snapshot v1, https://vitest.dev/guide/snapshot.html

exports[`to match snapshot 1`] = `
.c0 {
  background-color: rgb(43,38,178);
  border: none;
  color: rgb(250,250,253);
  padding: 1.2rem 2.4rem;
  cursor: pointer;
  border-radius: 0.4rem;
  -webkit-transition: all 300ms ease-in-out;
  transition: all 300ms ease-in-out;
  display: -webkit-box;
  display: -webkit-flex;
  display: -ms-flexbox;
  display: flex;
  -webkit-align-items: center;
  -webkit-box-align: center;
  -ms-flex-align: center;
  align-items: center;
  -webkit-box-pack: center;
  -webkit-justify-content: center;
  -ms-flex-pack: center;
  justify-content: center;
}

.c0:focus {
  outline: none;
  box-shadow: 0 0 0.4rem rgb(43,38,178);
  -webkit-filter: brightness(110%);
  filter: brightness(110%);
}

.c0:hover {
  -webkit-filter: brightness(90%);
  filter: brightness(90%);
}

.c0:disabled {
  background-color: rgb(181,181,184);
  color: rgb(241,241,243);
  cursor: not-allowed;
}

.c0:disabled:hover {
  -webkit-filter: none;
  filter: none;
}

.c0 > svg {
  width: 2rem;
  height: 2rem;
  margin-left: 1rem;
}

.c1 {
  display: inline-block;
  vertical-align: middle;
  overflow: hidden;
}

<div>
  <button
    class="c0"
    color="primary"
  >
    Click me
    <svg
      aria-hidden="true"
      class="c1"
      fill="currentColor"
      focusable="false"
      viewBox="0 0 24 24"
      xmlns="http://www.w3.org/2000/svg"
    >
      <path
        d="M22 19h-6v-4h-2.68c-1.14 2.42-3.6 4-6.32 4-3.86 0-7-3.14-7-7s3.14-7 7-7c2.72 0 5.17 1.58 6.32 4H24v6h-2v4zm-4-2h2v-4h2v-2H11.94l-.23-.67C11.01 8.34 9.11 7 7 7c-2.76 0-5 2.24-5 5s2.24 5 5 5c2.11 0 4.01-1.34 4.71-3.33l.23-.67H18v4zM7 15c-1.65 0-3-1.35-3-3s1.35-3 3-3 3 1.35 3 3-1.35 3-3 3zm0-4c-.55 0-1 .45-1 1s.45 1 1 1 1-.45 1-1-.45-1-1-1z"
      />
    </svg>
  </button>
</div>
`;
